==============================================================================
GA BASELINE  —  OFFICIAL SOLOMON VRPTW  (vs OR-Tools vs BKS)
instances: 56 (classic 100-customer set)
config: pop=40, elite=6, tourn=4, mut=0.3, 8s/instance, seeds=[20260717, 20260801, 20260815, 20260901, 20261001]
==============================================================================
inst           BKS BKSv   GA_mean   GA_best gap_mean% gap_std% seeds status
------------------------------------------------------------------------------
C101         827.3   10     828.9     828.9       0.2      0.0     5     OK
C102         827.3   10    1030.2     949.8      24.5      7.6     5     OK
C103         826.3   10    1493.6    1282.4      80.8     13.5     5     OK
C104         822.9   10    1157.3    1087.2      40.6      5.5     5     OK
C105         827.3   10     828.9     828.9       0.2      0.0     5     OK
C106         827.3   10     828.9     828.9       0.2      0.0     5     OK
C107         827.3   10    1035.4     986.6      25.2      3.0     5     OK
C108         827.3   10    1097.8    1065.4      32.7      3.7     5     OK
C109         827.3   10    1062.8    1041.8      28.5      1.3     5     OK
C201         589.1    3     591.6     591.6       0.4      0.0     5     OK
C202         589.1    3     858.1     818.3      45.7      4.4     5     OK
C203         588.7    3     884.5     841.6      50.3      5.4     5     OK
C204         588.1    3     912.6     858.7      55.2      7.3     5     OK
C205         586.4    3     798.6     789.6      36.2      0.8     5     OK
C206         586.0    3     717.5     643.0      22.4      6.4     5     OK
C207         585.8    3     820.2     694.3      40.0     10.9     5     OK
C208         585.8    3     808.1     761.7      37.9      8.6     5     OK
R101        1637.7   20    1966.8    1886.2      20.1      4.6     5     OK
R102        1466.6   18    1696.4    1627.4      15.7      3.1     5     OK
R103        1208.7   14    1521.5    1467.8      25.9      3.3     5     OK
R104         971.5   11    1395.0    1351.8      43.6      3.6     5     OK
R105        1355.3   15    1760.4    1698.5      29.9      3.3     5     OK
R106        1234.6   13    1598.0    1513.0      29.4      5.2     5     OK
R107        1064.6   11    1446.8    1413.9      35.9      4.0     5     OK
R108         932.1   10    1174.9    1161.8      26.0      0.7     5     OK
R109        1146.9   13    1478.4    1448.0      28.9      2.3     5     OK
R110        1068.0   12    1498.6    1392.5      40.3      8.4     5     OK
R111        1048.7   12    1464.4    1404.5      39.6      4.1     5     OK
R112         948.6   10    1320.6    1285.6      39.2      3.5     5     OK
R201        1143.2    8    1736.2    1718.9      51.9      0.9     5     OK
R202        1029.6    8    1546.0    1480.3      50.2      4.2     5     OK
R203         870.8    6    1183.4    1102.5      35.9      6.4     5     OK
R204         731.3    5    1084.0    1051.5      48.2      4.4     5     OK
R205         949.8    5    1302.1    1295.6      37.1      0.4     5     OK
R206         875.9    5    1297.0    1243.6      48.1      4.3     5     OK
R207         794.0    4    1126.4    1091.2      41.9      2.7     5     OK
R208         701.0    4     964.6     944.7      37.6      1.6     5     OK
R209         854.8    5    1189.7    1168.4      39.2      1.6     5     OK
R210         900.5    6    1257.1    1252.4      39.6      0.3     5     OK
R211         746.7    4     984.1     951.3      31.8      2.2     5     OK
RC101       1619.8   15    2071.2    2036.1      27.9      2.2     5     OK
RC102       1457.4   14    1917.1    1879.4      31.5      2.4     5     OK
RC103       1258.0   11    1660.5    1570.7      32.0      4.2     5     OK
RC104       1132.3   10    1445.4    1403.6      27.7      3.0     5     OK
RC105       1513.7   15    1973.9    1854.6      30.4      7.2     5     OK
RC106       1372.7   12    1761.7    1725.1      28.3      3.8     5     OK
RC107       1207.8   12    1604.3    1564.9      32.8      2.3     5     OK
RC108       1114.2   11    1477.5    1399.8      32.6      4.9     5     OK
RC201       1261.8    9    2028.3    1959.6      60.7      3.3     5     OK
RC202       1092.3    8    1655.4    1616.1      51.5      3.6     5     OK
RC203        923.7    5    1516.1    1440.4      64.1      4.2     5     OK
RC204        783.5    4    1150.9    1071.9      46.9      5.1     5     OK
RC205       1154.0    7    1813.3    1728.4      57.1      3.9     5     OK
RC206       1051.1    7    1684.9    1623.7      60.3      6.3     5     OK
RC207        962.9    6    1499.5    1438.1      55.7      4.5     5     OK
RC208        776.1    4    1224.8    1204.1      57.8      3.1     5     OK
------------------------------------------------------------------------------
PER-FAMILY MEAN GAP (GA seed-mean vs BKS):
  C1   n=9   mean =   25.9%  (min 0.2%, max 80.8%)
  C2   n=8   mean =   36.0%  (min 0.4%, max 55.2%)
  R1   n=12  mean =   31.2%  (min 15.7%, max 43.6%)
  R2   n=11  mean =   41.9%  (min 31.8%, max 51.9%)
  RC1  n=8   mean =   30.4%  (min 27.7%, max 32.8%)
  RC2  n=8   mean =   56.8%  (min 46.9%, max 64.1%)
------------------------------------------------------------------------------
OVERALL: solved 56/56, GA mean gap to BKS = 36.7% (mean over 5 seeds per instance)
==============================================================================

[saved] E:\FURP-EVRP\roselr333-pixel-FURP-2026-GuannanWang-EVRP\src\results\baseline_ga_vrptw_results.csv
[saved] E:\FURP-EVRP\roselr333-pixel-FURP-2026-GuannanWang-EVRP\src\results\baseline_ga_vrptw_comparison.csv
[saved] E:\FURP-EVRP\roselr333-pixel-FURP-2026-GuannanWang-EVRP\src\results\baseline_ga_vrptw_output.txt
