==============================================================================
WEEK 8 (ext) -- multi-drone on STANDARD (Solomon) instances + optimised scheduling
==============================================================================
families=['C101', 'C201', 'R101', 'RC101']  sizes=[10, 20, 30, 50]  drones K=[1, 2, 3, 5]
instances = Solomon topology, first n customers, rescaled to the synthetic cloud radius

=== family C101 done ===
=== family C201 done ===
=== family R101 done ===
=== family RC101 done ===

==============================================================================
AGGREGATE by size (mean over families)
==============================================================================
  N=10 truck=   351.7  K1:    219.5 ( 36.7%)  K2:    160.0 ( 53.4%)  K3:    126.8 ( 63.1%)  K5:     95.1 ( 71.4%)
  N=20 truck=   718.9  K1:    488.2 ( 30.9%)  K2:    390.4 ( 44.1%)  K3:    360.5 ( 48.6%)  K5:    281.5 ( 60.1%)
  N=30 truck=  1218.0  K1:    907.9 ( 23.9%)  K2:    739.0 ( 37.2%)  K3:    650.8 ( 45.1%)  K5:    521.8 ( 56.2%)
  N=50 truck=  2370.2  K1:   1761.2 ( 23.3%)  K2:   1510.1 ( 34.7%)  K3:   1331.8 ( 41.8%)  K5:   1183.9 ( 48.6%)

==============================================================================
SCHEDULING: greedy (earliest-available) vs local vs optimal
==============================================================================
  mean local-search gain over the naive rule: 0.001%  (max 0.039%)
  optimality certificate (lower bound = max[one-drone-per-sortie, total_flight/K]): 31/64 configs reach it -> the naive rule is provably optimal there
  on the remaining configs the possible gain is bounded by mean 2.464% (max 33.402%) of the makespan
  exact-optimal check on 43 configs (trips <= 14): naive rule is on average 0.196% above optimal (max 5.193%)

[raw -> E:\FURP-EVRP\roselr333-pixel-FURP-2026-GuannanWang-EVRP\src\results\week08_multidrone_std_raw.csv]
[summary -> E:\FURP-EVRP\roselr333-pixel-FURP-2026-GuannanWang-EVRP\src\results\week08_multidrone_std_summary.csv]
[scheduling -> E:\FURP-EVRP\roselr333-pixel-FURP-2026-GuannanWang-EVRP\src\results\week08_scheduling.csv]
[log -> E:\FURP-EVRP\roselr333-pixel-FURP-2026-GuannanWang-EVRP\src\results\week08_multidrone_std_log.txt]
