==============================================================================
WEEK 6 LARGE-N — GROUND-AIR COLLABORATIVE EVRP-TW (N=30, 50, 100)
==============================================================================
sizes=[30, 50, 100]  seeds=[20260820, 20260821, 20260822, 20260823, 20260824] (total 15 instances)
truck_speed=1.0  drone_speed=2.0  drone_range=160.0  battery=250  recharge=40s
variants: V0 truck-only(no EV) | V1 truck EV | V2 ground-air collab

=== size N=30 ===
  seed 20260820: V0=  1538.9 V1=  2386.8 V2=  2183.0  imp=  8.5%  off=4/30  syncRej=109369  twv=24  0.21s
  seed 20260821: V0=  1940.9 V1=  2597.7 V2=  2412.4  imp=  7.1%  off=2/30  syncRej=117392  twv=20  0.29s
  seed 20260822: V0=  1641.8 V1=  2174.2 V2=  1984.5  imp=  8.7%  off=3/30  syncRej=117728  twv=21  0.29s
  seed 20260823: V0=  1569.4 V1=  2057.5 V2=  1850.4  imp= 10.1%  off=4/30  syncRej=108205  twv=17  0.40s
  seed 20260824: V0=  1688.6 V1=  2295.0 V2=  2097.1  imp=  8.6%  off=4/30  syncRej=156466  twv=20  0.36s

=== size N=50 ===
  seed 20260820: V0=  3240.3 V1=  5677.2 V2=  5419.6  imp=  4.5%  off=4/50  syncRej=1401620  twv=40  2.50s
  seed 20260821: V0=  2948.0 V1=  6063.6 V2=  5905.1  imp=  2.6%  off=2/50  syncRej=901623  twv=37  1.76s
  seed 20260822: V0=  3260.7 V1=  5725.3 V2=  5511.0  imp=  3.7%  off=2/50  syncRej=918213  twv=41  1.79s
  seed 20260823: V0=  3055.2 V1=  5718.2 V2=  5496.9  imp=  3.9%  off=2/50  syncRej=960086  twv=38  2.25s
  seed 20260824: V0=  2965.5 V1=  5125.2 V2=  5010.6  imp=  2.2%  off=3/50  syncRej=880433  twv=39  1.88s

=== size N=100 ===
  seed 20260820: V0=  8206.3 V1= 36939.8 V2= 36742.6  imp=  0.5%  off=2/100  syncRej=23560702  twv=91  42.51s
  seed 20260821: V0=  8326.5 V1= 34929.9 V2= 34700.3  imp=  0.7%  off=4/100  syncRej=23859526  twv=86  44.67s
  seed 20260822: V0=  7942.0 V1= 34655.0 V2= 34453.5  imp=  0.6%  off=3/100  syncRej=28010345  twv=91  50.43s
  seed 20260823: V0=  7331.8 V1= 30636.5 V2= 30437.2  imp=  0.7%  off=2/100  syncRej=24587431  twv=87  47.27s
  seed 20260824: V0=  7674.1 V1= 33219.8 V2= 33130.4  imp=  0.3%  off=2/100  syncRej=19654686  twv=89  38.34s

==============================================================================
AGGREGATE (mean over seeds per size)
==============================================================================
  [V2 mean TW violations = 20.4 / 30 customers]
  N=30: V0=  1675.9 V1=  2302.2 V2=  2105.5  V2_vs_V1=  8.6%  off=3.4/30  twv=20.4
  [V2 mean TW violations = 39.0 / 50 customers]
  N=50: V0=  3093.9 V1=  5661.9 V2=  5468.6  V2_vs_V1=  3.4%  off=2.6/50  twv=39.0
  [V2 mean TW violations = 88.8 / 100 customers]
  N=100: V0=  7896.1 V1= 34076.2 V2= 33892.8  V2_vs_V1=  0.5%  off=2.6/100  twv=88.8

Total runtime: 234.9s
==============================================================================

[raw -> E:\FURP-EVRP\roselr333-pixel-FURP-2026-GuannanWang-EVRP\src\results\week06_largeN_results.csv]
[summary -> E:\FURP-EVRP\roselr333-pixel-FURP-2026-GuannanWang-EVRP\src\results\week06_largeN_summary.csv]
[log -> E:\FURP-EVRP\roselr333-pixel-FURP-2026-GuannanWang-EVRP\src\results\week06_largeN_output.txt]
