  20140810T123437v1
  20140810T123437v10
  20140810T123437v11
  20140810T123437v12
  20140810T123437v2
  20140810T123437v3
  20140810T123437v4
  20140810T123437v5
  20140810T123437v6
  20140810T123437v7
  20140810T123437v8
  20140810T123437v9
  20140810T123440v1
  20140810T123440v10
  20140810T123440v11
  20140810T123440v12
  20140810T123440v2
  20140810T123440v3
  20140810T123440v4
  20140810T123440v5
  20140810T123440v6
  20140810T123440v7
  20140810T123440v8
  20140810T123440v9
  20140810T123443v1
  20140810T123443v10
  20140810T123443v11
  20140810T123443v12
  20140810T123443v2
  20140810T123443v3
  20140810T123443v4
  20140810T123443v5
  20140810T123443v6
  20140810T123443v7
  20140810T123443v8
  20140810T123443v9

==============================================================================
My method on the ORIGINAL Murray & Chu (2015) FSTSP instances
==============================================================================
instances: 36   max_cust [1, 2]   K [1, 2, 3]   LNS iters 200
truck = tau matrix, UAV = tauprime matrix (calibrated on all 36 instances)

mean over instances:
  config          LNS  vs truck TSP   LNS/OFV   (n=11 with published OFV)
  c1K1          51.31         21.7%     0.901
  c1K2          44.88         31.6%     0.794
  c1K3          41.56         36.6%     0.709
  c2K1          49.89         24.1%     0.895
  c2K2          43.06         34.5%     0.743
  c2K3          40.74         37.9%     0.684

max drone flight time in the LNS solutions (no endurance is given
in the distributed files, so endurance is unlimited here):
  c1K1       mean  24.89  max  43.92
  c1K2       mean  25.44  max  60.48
  c1K3       mean  26.86  max  60.48
  c2K1       mean  29.87  max  62.56
  c2K2       mean  28.92  max  60.48
  c2K3       mean  29.47  max  51.32

Reading: LNS/OFV < 1 means better than the objective value
published with the instances. c1 = M&C's own FSTSP (one customer
per sortie); c2 = my multi-customer extension.

[raw -> E:\FURP-EVRP\roselr333-pixel-FURP-2026-GuannanWang-EVRP\src\results\week08_mc_benchmark_raw.csv]
[log -> E:\FURP-EVRP\roselr333-pixel-FURP-2026-GuannanWang-EVRP\src\results\week08_mc_benchmark_log.txt]
